<header class="site-header">
  <div class="header-inner">
    <div class="site-title">Autograph<span>&nbsp;Notifier</span></div>
    <div class="header-meta">Signed · Sealed · Delivered</div>
    <div class="search-wrap">
      <input type="search" id="eventSearch" class="search-input"
             placeholder="Search titles, artists…" autocomplete="off"
             spellcheck="false" aria-label="Search listings">
      <button type="button" id="searchClear" class="search-clear" aria-label="Clear">✕</button>
    </div>
    <div class="header-count" id="headerCount">1 listings</div>
  </div>
</header>
